%!Adobe-FontList 1.13
%Locale:0x409

%BeginFont
Handler:DirectoryHandler
FontType:TrueType
FontName:AndaleMono
FamilyName:Andale Mono
StyleName:Regular
MenuName:Andale Mono
StyleBits:0
WeightClass:400
WidthClass:5
AngleClass:0
FullName:Andale Mono
WritingScript:Roman
OutlineFileName:\Andale Mono.ttf
DataFormat:sfntData
FileLength:109700
FileModTime:1279680496
%EndFont

%BeginFont
Handler:DirectoryHandler
FontType:Type1
FontName:LydianBT-Bold
FamilyName:Lydian BT
StyleName:Bold
MenuName:Lydian BT
StyleBits:2
WeightClass:700
WidthClass:5
AngleClass:0
FullName:Lydian BT Bold
WritingScript:Roman
OutlineFileName:\LydiaBTBol
DataFormat:POSTResource
UsesStandardEncoding:yes
isCFF:no
FileLength:35611
FileModTime:922678499
DesignSize:-1
%EndFont

%BeginFont
Handler:DirectoryHandler
FontType:Suitcase
FontName:LydianBT-Roman
OutlineFileName:\Lydian Rm/Bd BT
ResourceID:15439
MacStyle:0
FileLength:150094
FileModTime:922343067
%EndFont

%BeginFont
Handler:DirectoryHandler
FontType:Suitcase
FontName:LydianBT-Bold
OutlineFileName:\Lydian Rm/Bd BT
ResourceID:15439
MacStyle:1
FileLength:150094
FileModTime:922343067
%EndFont

%BeginFont
Handler:DirectoryHandler
FontType:Suitcase
FontName:LydianBT-Italic
OutlineFileName:\Lydian Rm/Bd BT
ResourceID:15439
MacStyle:2
FileLength:150094
FileModTime:922343067
%EndFont

%BeginFont
Handler:DirectoryHandler
FontType:Suitcase
FontName:LydianBT-BoldItalic
OutlineFileName:\Lydian Rm/Bd BT
ResourceID:15439
MacStyle:3
FileLength:150094
FileModTime:922343067
%EndFont

%BeginFont
Handler:DirectoryHandler
FontType:Suitcase
FontName:LydianBT-Bold
OutlineFileName:\Lydian Rm/Bd BT
ResourceID:3571
MacStyle:0
FileLength:150094
FileModTime:922343067
%EndFont

%BeginFont
Handler:DirectoryHandler
FontType:Suitcase
FontName:LydianBT-Bold
OutlineFileName:\Lydian Rm/Bd BT
ResourceID:3571
MacStyle:1
FileLength:150094
FileModTime:922343067
%EndFont

%BeginFont
Handler:DirectoryHandler
FontType:Suitcase
FontName:LydianBT-BoldItalic
OutlineFileName:\Lydian Rm/Bd BT
ResourceID:3571
MacStyle:2
FileLength:150094
FileModTime:922343067
%EndFont

%BeginFont
Handler:DirectoryHandler
FontType:Suitcase
FontName:LydianBT-BoldItalic
OutlineFileName:\Lydian Rm/Bd BT
ResourceID:3571
MacStyle:3
FileLength:150094
FileModTime:922343067
%EndFont

%BeginFont
Handler:DirectoryHandler
FontType:Suitcase
FontName:LydianBT-Italic
OutlineFileName:\Lydian Rm/Bd BT
ResourceID:3570
MacStyle:0
FileLength:150094
FileModTime:922343067
%EndFont

%BeginFont
Handler:DirectoryHandler
FontType:Suitcase
FontName:LydianBT-BoldItalic
OutlineFileName:\Lydian Rm/Bd BT
ResourceID:3570
MacStyle:1
FileLength:150094
FileModTime:922343067
%EndFont

%BeginFont
Handler:DirectoryHandler
FontType:Suitcase
FontName:LydianBT-Italic
OutlineFileName:\Lydian Rm/Bd BT
ResourceID:3570
MacStyle:2
FileLength:150094
FileModTime:922343067
%EndFont

%BeginFont
Handler:DirectoryHandler
FontType:Suitcase
FontName:LydianBT-BoldItalic
OutlineFileName:\Lydian Rm/Bd BT
ResourceID:3570
MacStyle:3
FileLength:150094
FileModTime:922343067
%EndFont

%BeginFont
Handler:DirectoryHandler
FontType:Suitcase
FontName:LydianBT-BoldItalic
OutlineFileName:\Lydian Rm/Bd BT
ResourceID:3572
MacStyle:0
FileLength:150094
FileModTime:922343067
%EndFont

%BeginFont
Handler:DirectoryHandler
FontType:Suitcase
FontName:LydianBT-BoldItalic
OutlineFileName:\Lydian Rm/Bd BT
ResourceID:3572
MacStyle:1
FileLength:150094
FileModTime:922343067
%EndFont

%BeginFont
Handler:DirectoryHandler
FontType:Suitcase
FontName:LydianBT-BoldItalic
OutlineFileName:\Lydian Rm/Bd BT
ResourceID:3572
MacStyle:2
FileLength:150094
FileModTime:922343067
%EndFont

%BeginFont
Handler:DirectoryHandler
FontType:Suitcase
FontName:LydianBT-BoldItalic
OutlineFileName:\Lydian Rm/Bd BT
ResourceID:3572
MacStyle:3
FileLength:150094
FileModTime:922343067
%EndFont

%BeginFont
Handler:DirectoryHandler
FontType:Type1
FontName:PlantinMTPro-Bold
FamilyName:Plantin MT Pro
StyleName:Bold
MenuName:Plantin MT Pro
StyleBits:2
WeightClass:700
WidthClass:5
AngleClass:0
FullName:Plantin MT Pro Bold
WritingScript:Roman
OutlineFileName:\PlantinMTPro-Bold.otf
DataFormat:sfntData
UsesStandardEncoding:yes
isCFF:yes
FileLength:75376
FileModTime:1296463376
%EndFont

%BeginFont
Handler:DirectoryHandler
FontType:Type1
FontName:PlantinMTPro-Italic
FamilyName:Plantin MT Pro
StyleName:Italic
MenuName:Plantin MT Pro
StyleBits:1
WeightClass:400
WidthClass:5
AngleClass:1
FullName:Plantin MT Pro Italic
WritingScript:Roman
OutlineFileName:\PlantinMTPro-Italic.otf
DataFormat:sfntData
UsesStandardEncoding:yes
isCFF:yes
FileLength:79852
FileModTime:1296463376
%EndFont

%BeginFont
Handler:DirectoryHandler
FontType:Type1
FontName:PlantinMTPro-Regular
FamilyName:Plantin MT Pro
StyleName:Regular
MenuName:Plantin MT Pro
StyleBits:0
WeightClass:400
WidthClass:5
AngleClass:0
FullName:Plantin MT Pro
WritingScript:Roman
OutlineFileName:\PlantinMTPro-Regular.otf
DataFormat:sfntData
UsesStandardEncoding:yes
isCFF:yes
FileLength:109504
FileModTime:1296463376
%EndFont

%BeginFont
Handler:DirectoryHandler
FontType:Type1
FontName:PlantinMTPro-Semibold
FamilyName:Plantin MT Pro
StyleName:Semibold
MenuName:Plantin MT Pro Semibold
StyleBits:0
WeightClass:600
WidthClass:5
AngleClass:0
FullName:Plantin MT Pro Semibold
WritingScript:Roman
OutlineFileName:\PlantinMTPro-Semibold.otf
DataFormat:sfntData
UsesStandardEncoding:yes
isCFF:yes
FileLength:76480
FileModTime:1296463376
%EndFont

